<?xml version="1.0" encoding="ISO-8859-1" ?>
<link_info>
   <banner>TMS320C2000 Linker Unix v20.2.1.LTS</banner>
   <copyright>Copyright (c) 1996-2018 Texas Instruments Incorporated</copyright>
   <link_time>0x60784cc0</link_time>
   <link_errors>0x0</link_errors>
   <output_file>ASigProc_cvicenia.out</output_file>
   <entry_point>
      <name>_c_int00</name>
      <address>0x953c</address>
   </entry_point>
   <input_file_list>
      <input_file id="fl-1">
         <path>./</path>
         <kind>object</kind>
         <file>current.obj</file>
         <name>current.obj</name>
      </input_file>
      <input_file id="fl-2">
         <path>./</path>
         <kind>object</kind>
         <file>dispCtrl.obj</file>
         <name>dispCtrl.obj</name>
      </input_file>
      <input_file id="fl-3">
         <path>./</path>
         <kind>object</kind>
         <file>encoder.obj</file>
         <name>encoder.obj</name>
      </input_file>
      <input_file id="fl-4">
         <path>./</path>
         <kind>object</kind>
         <file>interruptHandlers.obj</file>
         <name>interruptHandlers.obj</name>
      </input_file>
      <input_file id="fl-5">
         <path>./</path>
         <kind>object</kind>
         <file>main.obj</file>
         <name>main.obj</name>
      </input_file>
      <input_file id="fl-6">
         <path>./</path>
         <kind>object</kind>
         <file>mcu.obj</file>
         <name>mcu.obj</name>
      </input_file>
      <input_file id="fl-7">
         <path>./</path>
         <kind>object</kind>
         <file>spi_communication.obj</file>
         <name>spi_communication.obj</name>
      </input_file>
      <input_file id="fl-8">
         <path>./</path>
         <kind>object</kind>
         <file>voltCtrl_Module.obj</file>
         <name>voltCtrl_Module.obj</name>
      </input_file>
      <input_file id="fl-9">
         <path>./TI_Files/</path>
         <kind>object</kind>
         <file>F2837xD_CodeStartBranch.obj</file>
         <name>F2837xD_CodeStartBranch.obj</name>
      </input_file>
      <input_file id="fl-a">
         <path>./TI_Files/</path>
         <kind>object</kind>
         <file>F2837xD_GlobalVariableDefs.obj</file>
         <name>F2837xD_GlobalVariableDefs.obj</name>
      </input_file>
      <input_file id="fl-b">
         <path>./TI_Files/</path>
         <kind>object</kind>
         <file>F2837xD_usDelay.obj</file>
         <name>F2837xD_usDelay.obj</name>
      </input_file>
      <input_file id="fl-10">
         <kind>object</kind>
         <file>&lt;internal&gt;</file>
         <name>&lt;internal&gt;</name>
      </input_file>
      <input_file id="fl-11">
         <path>/home/spravcapc/ti/ccs1011/ccs/tools/compiler/ti-cgt-c2000_20.2.1.LTS/lib/</path>
         <kind>archive</kind>
         <file>rts2800_fpu32_eabi.lib</file>
         <name>s_cos.c.obj</name>
      </input_file>
      <input_file id="fl-12">
         <path>/home/spravcapc/ti/ccs1011/ccs/tools/compiler/ti-cgt-c2000_20.2.1.LTS/lib/</path>
         <kind>archive</kind>
         <file>rts2800_fpu32_eabi.lib</file>
         <name>s_sin.c.obj</name>
      </input_file>
      <input_file id="fl-13">
         <path>/home/spravcapc/ti/ccs1011/ccs/tools/compiler/ti-cgt-c2000_20.2.1.LTS/lib/</path>
         <kind>archive</kind>
         <file>rts2800_fpu32_eabi.lib</file>
         <name>boot28.asm.obj</name>
      </input_file>
      <input_file id="fl-14">
         <path>/home/spravcapc/ti/ccs1011/ccs/tools/compiler/ti-cgt-c2000_20.2.1.LTS/lib/</path>
         <kind>archive</kind>
         <file>rts2800_fpu32_eabi.lib</file>
         <name>fd_add28.asm.obj</name>
      </input_file>
      <input_file id="fl-15">
         <path>/home/spravcapc/ti/ccs1011/ccs/tools/compiler/ti-cgt-c2000_20.2.1.LTS/lib/</path>
         <kind>archive</kind>
         <file>rts2800_fpu32_eabi.lib</file>
         <name>fd_mpy28.asm.obj</name>
      </input_file>
      <input_file id="fl-16">
         <path>/home/spravcapc/ti/ccs1011/ccs/tools/compiler/ti-cgt-c2000_20.2.1.LTS/lib/</path>
         <kind>archive</kind>
         <file>rts2800_fpu32_eabi.lib</file>
         <name>fd_neg28.asm.obj</name>
      </input_file>
      <input_file id="fl-17">
         <path>/home/spravcapc/ti/ccs1011/ccs/tools/compiler/ti-cgt-c2000_20.2.1.LTS/lib/</path>
         <kind>archive</kind>
         <file>rts2800_fpu32_eabi.lib</file>
         <name>fd_sub28.asm.obj</name>
      </input_file>
      <input_file id="fl-18">
         <path>/home/spravcapc/ti/ccs1011/ccs/tools/compiler/ti-cgt-c2000_20.2.1.LTS/lib/</path>
         <kind>archive</kind>
         <file>rts2800_fpu32_eabi.lib</file>
         <name>fd_toi28.asm.obj</name>
      </input_file>
      <input_file id="fl-19">
         <path>/home/spravcapc/ti/ccs1011/ccs/tools/compiler/ti-cgt-c2000_20.2.1.LTS/lib/</path>
         <kind>archive</kind>
         <file>rts2800_fpu32_eabi.lib</file>
         <name>fd_tou28.asm.obj</name>
      </input_file>
      <input_file id="fl-1a">
         <path>/home/spravcapc/ti/ccs1011/ccs/tools/compiler/ti-cgt-c2000_20.2.1.LTS/lib/</path>
         <kind>archive</kind>
         <file>rts2800_fpu32_eabi.lib</file>
         <name>fs_div28.asm.obj</name>
      </input_file>
      <input_file id="fl-1b">
         <path>/home/spravcapc/ti/ccs1011/ccs/tools/compiler/ti-cgt-c2000_20.2.1.LTS/lib/</path>
         <kind>archive</kind>
         <file>rts2800_fpu32_eabi.lib</file>
         <name>ll_cmp28.asm.obj</name>
      </input_file>
      <input_file id="fl-1c">
         <path>/home/spravcapc/ti/ccs1011/ccs/tools/compiler/ti-cgt-c2000_20.2.1.LTS/lib/</path>
         <kind>archive</kind>
         <file>rts2800_fpu32_eabi.lib</file>
         <name>u_tofd28.asm.obj</name>
      </input_file>
      <input_file id="fl-1d">
         <path>/home/spravcapc/ti/ccs1011/ccs/tools/compiler/ti-cgt-c2000_20.2.1.LTS/lib/</path>
         <kind>archive</kind>
         <file>rts2800_fpu32_eabi.lib</file>
         <name>fs_tofdfpu32.asm.obj</name>
      </input_file>
      <input_file id="fl-1e">
         <path>/home/spravcapc/ti/ccs1011/ccs/tools/compiler/ti-cgt-c2000_20.2.1.LTS/lib/</path>
         <kind>archive</kind>
         <file>rts2800_fpu32_eabi.lib</file>
         <name>fd_tofsfpu32.asm.obj</name>
      </input_file>
      <input_file id="fl-1f">
         <path>/home/spravcapc/ti/ccs1011/ccs/tools/compiler/ti-cgt-c2000_20.2.1.LTS/lib/</path>
         <kind>archive</kind>
         <file>rts2800_fpu32_eabi.lib</file>
         <name>pre_init.c.obj</name>
      </input_file>
      <input_file id="fl-20">
         <path>/home/spravcapc/ti/ccs1011/ccs/tools/compiler/ti-cgt-c2000_20.2.1.LTS/lib/</path>
         <kind>archive</kind>
         <file>rts2800_fpu32_eabi.lib</file>
         <name>autoinit.c.obj</name>
      </input_file>
      <input_file id="fl-21">
         <path>/home/spravcapc/ti/ccs1011/ccs/tools/compiler/ti-cgt-c2000_20.2.1.LTS/lib/</path>
         <kind>archive</kind>
         <file>rts2800_fpu32_eabi.lib</file>
         <name>copy_zero_init.c.obj</name>
      </input_file>
      <input_file id="fl-22">
         <path>/home/spravcapc/ti/ccs1011/ccs/tools/compiler/ti-cgt-c2000_20.2.1.LTS/lib/</path>
         <kind>archive</kind>
         <file>rts2800_fpu32_eabi.lib</file>
         <name>copy_decompress_none.c.obj</name>
      </input_file>
      <input_file id="fl-23">
         <path>/home/spravcapc/ti/ccs1011/ccs/tools/compiler/ti-cgt-c2000_20.2.1.LTS/lib/</path>
         <kind>archive</kind>
         <file>rts2800_fpu32_eabi.lib</file>
         <name>copy_decompress_lzss.c.obj</name>
      </input_file>
      <input_file id="fl-24">
         <path>/home/spravcapc/ti/ccs1011/ccs/tools/compiler/ti-cgt-c2000_20.2.1.LTS/lib/</path>
         <kind>archive</kind>
         <file>rts2800_fpu32_eabi.lib</file>
         <name>e_rem_pio2.c.obj</name>
      </input_file>
      <input_file id="fl-25">
         <path>/home/spravcapc/ti/ccs1011/ccs/tools/compiler/ti-cgt-c2000_20.2.1.LTS/lib/</path>
         <kind>archive</kind>
         <file>rts2800_fpu32_eabi.lib</file>
         <name>k_rem_pio2.c.obj</name>
      </input_file>
      <input_file id="fl-26">
         <path>/home/spravcapc/ti/ccs1011/ccs/tools/compiler/ti-cgt-c2000_20.2.1.LTS/lib/</path>
         <kind>archive</kind>
         <file>rts2800_fpu32_eabi.lib</file>
         <name>exit.c.obj</name>
      </input_file>
      <input_file id="fl-27">
         <path>/home/spravcapc/ti/ccs1011/ccs/tools/compiler/ti-cgt-c2000_20.2.1.LTS/lib/</path>
         <kind>archive</kind>
         <file>rts2800_fpu32_eabi.lib</file>
         <name>_lock.c.obj</name>
      </input_file>
      <input_file id="fl-28">
         <path>/home/spravcapc/ti/ccs1011/ccs/tools/compiler/ti-cgt-c2000_20.2.1.LTS/lib/</path>
         <kind>archive</kind>
         <file>rts2800_fpu32_eabi.lib</file>
         <name>args_main.c.obj</name>
      </input_file>
      <input_file id="fl-29">
         <path>/home/spravcapc/ti/ccs1011/ccs/tools/compiler/ti-cgt-c2000_20.2.1.LTS/lib/</path>
         <kind>archive</kind>
         <file>rts2800_fpu32_eabi.lib</file>
         <name>memset.c.obj</name>
      </input_file>
      <input_file id="fl-2a">
         <path>/home/spravcapc/ti/ccs1011/ccs/tools/compiler/ti-cgt-c2000_20.2.1.LTS/lib/</path>
         <kind>archive</kind>
         <file>rts2800_fpu32_eabi.lib</file>
         <name>k_cos.c.obj</name>
      </input_file>
      <input_file id="fl-2b">
         <path>/home/spravcapc/ti/ccs1011/ccs/tools/compiler/ti-cgt-c2000_20.2.1.LTS/lib/</path>
         <kind>archive</kind>
         <file>rts2800_fpu32_eabi.lib</file>
         <name>k_sin.c.obj</name>
      </input_file>
      <input_file id="fl-2c">
         <path>/home/spravcapc/ti/ccs1011/ccs/tools/compiler/ti-cgt-c2000_20.2.1.LTS/lib/</path>
         <kind>archive</kind>
         <file>rts2800_fpu32_eabi.lib</file>
         <name>s_floor.c.obj</name>
      </input_file>
      <input_file id="fl-2d">
         <path>/home/spravcapc/ti/ccs1011/ccs/tools/compiler/ti-cgt-c2000_20.2.1.LTS/lib/</path>
         <kind>archive</kind>
         <file>rts2800_fpu32_eabi.lib</file>
         <name>s_scalbn.c.obj</name>
      </input_file>
      <input_file id="fl-2e">
         <path>/home/spravcapc/ti/ccs1011/ccs/tools/compiler/ti-cgt-c2000_20.2.1.LTS/lib/</path>
         <kind>archive</kind>
         <file>rts2800_fpu32_eabi.lib</file>
         <name>fd_cmp28.asm.obj</name>
      </input_file>
      <input_file id="fl-2f">
         <path>/home/spravcapc/ti/ccs1011/ccs/tools/compiler/ti-cgt-c2000_20.2.1.LTS/lib/</path>
         <kind>archive</kind>
         <file>rts2800_fpu32_eabi.lib</file>
         <name>fd_tol28.asm.obj</name>
      </input_file>
      <input_file id="fl-30">
         <path>/home/spravcapc/ti/ccs1011/ccs/tools/compiler/ti-cgt-c2000_20.2.1.LTS/lib/</path>
         <kind>archive</kind>
         <file>rts2800_fpu32_eabi.lib</file>
         <name>ll_aox28.asm.obj</name>
      </input_file>
      <input_file id="fl-31">
         <path>/home/spravcapc/ti/ccs1011/ccs/tools/compiler/ti-cgt-c2000_20.2.1.LTS/lib/</path>
         <kind>archive</kind>
         <file>rts2800_fpu32_eabi.lib</file>
         <name>i_div28.asm.obj</name>
      </input_file>
      <input_file id="fl-32">
         <path>/home/spravcapc/ti/ccs1011/ccs/tools/compiler/ti-cgt-c2000_20.2.1.LTS/lib/</path>
         <kind>archive</kind>
         <file>rts2800_fpu32_eabi.lib</file>
         <name>l_tofd28.asm.obj</name>
      </input_file>
      <input_file id="fl-33">
         <path>/home/spravcapc/ti/ccs1011/ccs/tools/compiler/ti-cgt-c2000_20.2.1.LTS/lib/</path>
         <kind>archive</kind>
         <file>rts2800_fpu32_eabi.lib</file>
         <name>cpy_tbl.c.obj</name>
      </input_file>
      <input_file id="fl-34">
         <path>/home/spravcapc/ti/ccs1011/ccs/tools/compiler/ti-cgt-c2000_20.2.1.LTS/lib/</path>
         <kind>archive</kind>
         <file>rts2800_fpu32_eabi.lib</file>
         <name>memcpy.c.obj</name>
      </input_file>
      <input_file id="fl-35">
         <path>/home/spravcapc/ti/ccs1011/ccs/tools/compiler/ti-cgt-c2000_20.2.1.LTS/lib/</path>
         <kind>archive</kind>
         <file>rts2800_fpu32_eabi.lib</file>
         <name>startup.c.obj</name>
      </input_file>
      <input_file id="fl-36">
         <path>/home/spravcapc/ti/ccs1011/ccs/tools/compiler/ti-cgt-c2000_20.2.1.LTS/lib/</path>
         <kind>archive</kind>
         <file>rts2800_fpu32_eabi.lib</file>
         <name>errno.c.obj</name>
      </input_file>
      <input_file id="fl-37">
         <path>/home/spravcapc/ti/ccs1011/ccs/tools/compiler/ti-cgt-c2000_20.2.1.LTS/lib/</path>
         <kind>archive</kind>
         <file>rts2800_fpu32_eabi.lib</file>
         <name>s_copysign.c.obj</name>
      </input_file>
   </input_file_list>
   <object_component_list>
      <object_component id="oc-b1">
         <name>codestart</name>
         <load_address>0x0</load_address>
         <run_address>0x0</run_address>
         <size>0x2</size>
         <input_file_ref idref="fl-9"/>
      </object_component>
      <object_component id="oc-23c">
         <name>.text</name>
         <load_address>0x8000</load_address>
         <run_address>0x8000</run_address>
         <size>0x438</size>
         <input_file_ref idref="fl-24"/>
      </object_component>
      <object_component id="oc-11f">
         <name>.text</name>
         <load_address>0x8438</load_address>
         <run_address>0x8438</run_address>
         <size>0x367</size>
         <input_file_ref idref="fl-6"/>
      </object_component>
      <object_component id="oc-93">
         <name>.text:decompress:lzss</name>
         <load_address>0x879f</load_address>
         <run_address>0x879f</run_address>
         <size>0x31</size>
         <input_file_ref idref="fl-23"/>
      </object_component>
      <object_component id="oc-148">
         <name>.text:__TI_auto_init_nobinit_nopinit</name>
         <load_address>0x87d0</load_address>
         <run_address>0x87d0</run_address>
         <size>0x2b</size>
         <input_file_ref idref="fl-20"/>
      </object_component>
      <object_component id="oc-cd">
         <name>.text</name>
         <load_address>0x87fb</load_address>
         <run_address>0x87fb</run_address>
         <size>0x2</size>
         <input_file_ref idref="fl-1f"/>
      </object_component>
      <object_component id="oc-201">
         <name>.text</name>
         <load_address>0x87fd</load_address>
         <run_address>0x87fd</run_address>
         <size>0x1</size>
         <input_file_ref idref="fl-35"/>
      </object_component>
      <object_component id="oc-ea">
         <name>.text</name>
         <load_address>0x8800</load_address>
         <run_address>0x8800</run_address>
         <size>0x23e</size>
         <input_file_ref idref="fl-8"/>
      </object_component>
      <object_component id="oc-f0">
         <name>.text</name>
         <load_address>0x8a3e</load_address>
         <run_address>0x8a3e</run_address>
         <size>0x1d1</size>
         <input_file_ref idref="fl-1"/>
      </object_component>
      <object_component id="oc-a5">
         <name>.text:retain</name>
         <load_address>0x8c0f</load_address>
         <run_address>0x8c0f</run_address>
         <size>0x1af</size>
         <input_file_ref idref="fl-4"/>
      </object_component>
      <object_component id="oc-242">
         <name>.text</name>
         <load_address>0x8dbe</load_address>
         <run_address>0x8dbe</run_address>
         <size>0x10b</size>
         <input_file_ref idref="fl-2a"/>
      </object_component>
      <object_component id="oc-2da">
         <name>.text</name>
         <load_address>0x8ec9</load_address>
         <run_address>0x8ec9</run_address>
         <size>0xe9</size>
         <input_file_ref idref="fl-2c"/>
      </object_component>
      <object_component id="oc-29b">
         <name>.text</name>
         <load_address>0x8fb2</load_address>
         <run_address>0x8fb2</run_address>
         <size>0x2a</size>
         <input_file_ref idref="fl-2e"/>
      </object_component>
      <object_component id="oc-106">
         <name>.text</name>
         <load_address>0x8fdc</load_address>
         <run_address>0x8fdc</run_address>
         <size>0x23</size>
         <input_file_ref idref="fl-1e"/>
      </object_component>
      <object_component id="oc-1a3">
         <name>.text</name>
         <load_address>0x9000</load_address>
         <run_address>0x9000</run_address>
         <size>0xce</size>
         <input_file_ref idref="fl-11"/>
      </object_component>
      <object_component id="oc-198">
         <name>.text</name>
         <load_address>0x90ce</load_address>
         <run_address>0x90ce</run_address>
         <size>0xcb</size>
         <input_file_ref idref="fl-12"/>
      </object_component>
      <object_component id="oc-2d4">
         <name>.text</name>
         <load_address>0x9199</load_address>
         <run_address>0x9199</run_address>
         <size>0xae</size>
         <input_file_ref idref="fl-2d"/>
      </object_component>
      <object_component id="oc-101">
         <name>.text</name>
         <load_address>0x9247</load_address>
         <run_address>0x9247</run_address>
         <size>0x9c</size>
         <input_file_ref idref="fl-14"/>
      </object_component>
      <object_component id="oc-182">
         <name>.text</name>
         <load_address>0x92e3</load_address>
         <run_address>0x92e3</run_address>
         <size>0x88</size>
         <input_file_ref idref="fl-1a"/>
      </object_component>
      <object_component id="oc-fc">
         <name>.text</name>
         <load_address>0x936b</load_address>
         <run_address>0x936b</run_address>
         <size>0x83</size>
         <input_file_ref idref="fl-15"/>
      </object_component>
      <object_component id="oc-da">
         <name>.text</name>
         <load_address>0x93ee</load_address>
         <run_address>0x93ee</run_address>
         <size>0x29</size>
         <input_file_ref idref="fl-26"/>
      </object_component>
      <object_component id="oc-2f7">
         <name>.text</name>
         <load_address>0x9417</load_address>
         <run_address>0x9417</run_address>
         <size>0x25</size>
         <input_file_ref idref="fl-37"/>
      </object_component>
      <object_component id="oc-2c9">
         <name>.text</name>
         <load_address>0x943c</load_address>
         <run_address>0x943c</run_address>
         <size>0x22</size>
         <input_file_ref idref="fl-31"/>
      </object_component>
      <object_component id="oc-230">
         <name>.text</name>
         <load_address>0x945e</load_address>
         <run_address>0x945e</run_address>
         <size>0x21</size>
         <input_file_ref idref="fl-18"/>
      </object_component>
      <object_component id="oc-28e">
         <name>.text</name>
         <load_address>0x947f</load_address>
         <run_address>0x947f</run_address>
         <size>0x1f</size>
         <input_file_ref idref="fl-2f"/>
      </object_component>
      <object_component id="oc-b9">
         <name>.text</name>
         <load_address>0x949e</load_address>
         <run_address>0x949e</run_address>
         <size>0x1d</size>
         <input_file_ref idref="fl-34"/>
      </object_component>
      <object_component id="oc-f6">
         <name>.text</name>
         <load_address>0x94bb</load_address>
         <run_address>0x94bb</run_address>
         <size>0x1c</size>
         <input_file_ref idref="fl-1d"/>
      </object_component>
      <object_component id="oc-293">
         <name>.text</name>
         <load_address>0x94d7</load_address>
         <run_address>0x94d7</run_address>
         <size>0x1c</size>
         <input_file_ref idref="fl-32"/>
      </object_component>
      <object_component id="oc-193">
         <name>.text</name>
         <load_address>0x94f3</load_address>
         <run_address>0x94f3</run_address>
         <size>0x1a</size>
         <input_file_ref idref="fl-19"/>
      </object_component>
      <object_component id="oc-289">
         <name>.text</name>
         <load_address>0x950d</load_address>
         <run_address>0x950d</run_address>
         <size>0x18</size>
         <input_file_ref idref="fl-30"/>
      </object_component>
      <object_component id="oc-e1">
         <name>.text</name>
         <load_address>0x9525</load_address>
         <run_address>0x9525</run_address>
         <size>0x17</size>
         <input_file_ref idref="fl-3"/>
      </object_component>
      <object_component id="oc-a0">
         <name>.text</name>
         <load_address>0x953c</load_address>
         <run_address>0x953c</run_address>
         <size>0x17</size>
         <input_file_ref idref="fl-13"/>
      </object_component>
      <object_component id="oc-1b1">
         <name>.text</name>
         <load_address>0x9553</load_address>
         <run_address>0x9553</run_address>
         <size>0x17</size>
         <input_file_ref idref="fl-1c"/>
      </object_component>
      <object_component id="oc-19e">
         <name>.text</name>
         <load_address>0x956a</load_address>
         <run_address>0x956a</run_address>
         <size>0xe</size>
         <input_file_ref idref="fl-17"/>
      </object_component>
      <object_component id="oc-d4">
         <name>.text</name>
         <load_address>0x9578</load_address>
         <run_address>0x9578</run_address>
         <size>0xc</size>
         <input_file_ref idref="fl-28"/>
      </object_component>
      <object_component id="oc-21b">
         <name>.text</name>
         <load_address>0x9584</load_address>
         <run_address>0x9584</run_address>
         <size>0x9</size>
         <input_file_ref idref="fl-27"/>
      </object_component>
      <object_component id="oc-1b7">
         <name>.text</name>
         <load_address>0x958d</load_address>
         <run_address>0x958d</run_address>
         <size>0x9</size>
         <input_file_ref idref="fl-16"/>
      </object_component>
      <object_component id="oc-12f">
         <name>.text</name>
         <load_address>0x9596</load_address>
         <run_address>0x9596</run_address>
         <size>0x8</size>
         <input_file_ref idref="fl-9"/>
      </object_component>
      <object_component id="oc-99">
         <name>.text:decompress:none</name>
         <load_address>0x959e</load_address>
         <run_address>0x959e</run_address>
         <size>0x8</size>
         <input_file_ref idref="fl-22"/>
      </object_component>
      <object_component id="oc-13f">
         <name>.text</name>
         <load_address>0x95a6</load_address>
         <run_address>0x95a6</run_address>
         <size>0x7</size>
         <input_file_ref idref="fl-29"/>
      </object_component>
      <object_component id="oc-2a0">
         <name>.text</name>
         <load_address>0xb000</load_address>
         <run_address>0xb000</run_address>
         <size>0x663</size>
         <input_file_ref idref="fl-25"/>
      </object_component>
      <object_component id="oc-236">
         <name>.text</name>
         <load_address>0xb663</load_address>
         <run_address>0xb663</run_address>
         <size>0x124</size>
         <input_file_ref idref="fl-2b"/>
      </object_component>
      <object_component id="oc-ab">
         <name>.text</name>
         <load_address>0xb787</load_address>
         <run_address>0xb787</run_address>
         <size>0x73</size>
         <input_file_ref idref="fl-5"/>
      </object_component>
      <object_component id="oc-c7">
         <name>.text:decompress:ZI</name>
         <load_address>0xb7fa</load_address>
         <run_address>0xb7fa</run_address>
         <size>0x6</size>
         <input_file_ref idref="fl-21"/>
      </object_component>
      <object_component id="oc-3c6">
         <name>.cinit..data.load</name>
         <load_address>0x128</load_address>
         <run_address>0x128</run_address>
         <size>0xf</size>
      </object_component>
      <object_component id="oc-3c3">
         <name>__TI_handler_table</name>
         <load_address>0x138</load_address>
         <run_address>0x138</run_address>
         <size>0x6</size>
      </object_component>
      <object_component id="oc-3c5">
         <name>.cinit..bss.load</name>
         <load_address>0x13e</load_address>
         <run_address>0x13e</run_address>
         <size>0x4</size>
      </object_component>
      <object_component id="oc-3c7">
         <name>.cinit.PieVectTableFile.load</name>
         <load_address>0x142</load_address>
         <run_address>0x142</run_address>
         <size>0x4</size>
      </object_component>
      <object_component id="oc-3c4">
         <name>__TI_cinit_table</name>
         <load_address>0x148</load_address>
         <run_address>0x148</run_address>
         <size>0xc</size>
      </object_component>
      <object_component id="oc-b6">
         <name>.stack</name>
         <uninitialized>true</uninitialized>
         <run_address>0x400</run_address>
         <size>0x0</size>
         <input_file_ref idref="fl-13"/>
      </object_component>
      <object_component id="oc-3c8">
         <name>.stack</name>
         <uninitialized>true</uninitialized>
         <run_address>0x400</run_address>
         <size>0x0</size>
      </object_component>
      <object_component id="oc-e7">
         <name>.bss</name>
         <uninitialized>true</uninitialized>
         <run_address>0x18f40</run_address>
         <size>0x28</size>
         <input_file_ref idref="fl-5"/>
      </object_component>
      <object_component id="oc-10b">
         <name>.bss:tBuffer1</name>
         <uninitialized>true</uninitialized>
         <run_address>0x17000</run_address>
         <size>0xfa0</size>
         <input_file_ref idref="fl-5"/>
      </object_component>
      <object_component id="oc-10e">
         <name>.bss:tBuffer2</name>
         <uninitialized>true</uninitialized>
         <run_address>0x17fa0</run_address>
         <size>0xfa0</size>
         <input_file_ref idref="fl-5"/>
      </object_component>
      <object_component id="oc-2ce">
         <name>.const:ipio2</name>
         <load_address>0xa800</load_address>
         <run_address>0xa800</run_address>
         <size>0x84</size>
         <input_file_ref idref="fl-25"/>
      </object_component>
      <object_component id="oc-2a8">
         <name>.const</name>
         <load_address>0xa884</load_address>
         <run_address>0xa884</run_address>
         <size>0x3c</size>
         <input_file_ref idref="fl-2a"/>
      </object_component>
      <object_component id="oc-298">
         <name>.const</name>
         <load_address>0xa8c0</load_address>
         <run_address>0xa8c0</run_address>
         <size>0x64</size>
         <input_file_ref idref="fl-24"/>
      </object_component>
      <object_component id="oc-2f4">
         <name>.const</name>
         <load_address>0xa924</load_address>
         <run_address>0xa924</run_address>
         <size>0x1c</size>
         <input_file_ref idref="fl-2d"/>
      </object_component>
      <object_component id="oc-284">
         <name>.const</name>
         <load_address>0xa940</load_address>
         <run_address>0xa940</run_address>
         <size>0x38</size>
         <input_file_ref idref="fl-2b"/>
      </object_component>
      <object_component id="oc-2c6">
         <name>.const:init_jk</name>
         <load_address>0xa978</load_address>
         <run_address>0xa978</run_address>
         <size>0x4</size>
         <input_file_ref idref="fl-25"/>
      </object_component>
      <object_component id="oc-fb">
         <name>.const</name>
         <load_address>0xa97c</load_address>
         <run_address>0xa97c</run_address>
         <size>0x4</size>
         <input_file_ref idref="fl-4"/>
      </object_component>
      <object_component id="oc-2d1">
         <name>.const</name>
         <load_address>0xa980</load_address>
         <run_address>0xa980</run_address>
         <size>0x2c</size>
         <input_file_ref idref="fl-25"/>
      </object_component>
      <object_component id="oc-2e0">
         <name>.const:PIo2</name>
         <load_address>0xa9ac</load_address>
         <run_address>0xa9ac</run_address>
         <size>0x20</size>
         <input_file_ref idref="fl-25"/>
      </object_component>
      <object_component id="oc-192">
         <name>.const</name>
         <load_address>0xa9cc</load_address>
         <run_address>0xa9cc</run_address>
         <size>0x20</size>
         <input_file_ref idref="fl-8"/>
      </object_component>
      <object_component id="oc-1b6">
         <name>.const</name>
         <load_address>0xa9ec</load_address>
         <run_address>0xa9ec</run_address>
         <size>0xc</size>
         <input_file_ref idref="fl-1"/>
      </object_component>
      <object_component id="oc-24b">
         <name>.const</name>
         <load_address>0xa9f8</load_address>
         <run_address>0xa9f8</run_address>
         <size>0x4</size>
         <input_file_ref idref="fl-11"/>
      </object_component>
      <object_component id="oc-235">
         <name>.const</name>
         <load_address>0xa9fc</load_address>
         <run_address>0xa9fc</run_address>
         <size>0x4</size>
         <input_file_ref idref="fl-12"/>
      </object_component>
      <object_component id="oc-302">
         <name>.const</name>
         <load_address>0xaa00</load_address>
         <run_address>0xaa00</run_address>
         <size>0xc</size>
         <input_file_ref idref="fl-2c"/>
      </object_component>
      <object_component id="oc-117">
         <name>.data</name>
         <load_address>0xaa0c</load_address>
         <run_address>0xaa0c</run_address>
         <size>0x16</size>
         <input_file_ref idref="fl-4"/>
      </object_component>
      <object_component id="oc-191">
         <name>.data</name>
         <load_address>0xaa2c</load_address>
         <run_address>0xaa2c</run_address>
         <size>0x2</size>
         <input_file_ref idref="fl-8"/>
      </object_component>
      <object_component id="oc-17a">
         <name>.data</name>
         <load_address>0xaa22</load_address>
         <run_address>0xaa22</run_address>
         <size>0x6</size>
         <input_file_ref idref="fl-26"/>
      </object_component>
      <object_component id="oc-17d">
         <name>.data:_lock</name>
         <load_address>0xaa28</load_address>
         <run_address>0xaa28</run_address>
         <size>0x2</size>
         <input_file_ref idref="fl-27"/>
      </object_component>
      <object_component id="oc-27c">
         <name>.data:_unlock</name>
         <load_address>0xaa2a</load_address>
         <run_address>0xaa2a</run_address>
         <size>0x2</size>
         <input_file_ref idref="fl-27"/>
      </object_component>
      <object_component id="oc-2fd">
         <name>.data</name>
         <load_address>0xaa2e</load_address>
         <run_address>0xaa2e</run_address>
         <size>0x1</size>
         <input_file_ref idref="fl-36"/>
      </object_component>
      <object_component id="oc-125">
         <name>.TI.ramfunc</name>
         <load_address>0x123</load_address>
         <run_address>0x123</run_address>
         <size>0x4</size>
         <input_file_ref idref="fl-b"/>
      </object_component>
      <object_component id="oc-1ea">
         <name>PieVectTableFile</name>
         <uninitialized>true</uninitialized>
         <run_address>0xd00</run_address>
         <size>0x1c0</size>
         <input_file_ref idref="fl-a"/>
      </object_component>
      <object_component id="oc-11a">
         <name>AdcaRegsFile</name>
         <uninitialized>true</uninitialized>
         <run_address>0x7400</run_address>
         <size>0x7c</size>
         <input_file_ref idref="fl-a"/>
      </object_component>
      <object_component id="oc-1e4">
         <name>AdcbRegsFile</name>
         <uninitialized>true</uninitialized>
         <run_address>0x7480</run_address>
         <size>0x7c</size>
         <input_file_ref idref="fl-a"/>
      </object_component>
      <object_component id="oc-1ab">
         <name>AdcaResultRegsFile</name>
         <uninitialized>true</uninitialized>
         <run_address>0xb00</run_address>
         <size>0x18</size>
         <input_file_ref idref="fl-a"/>
      </object_component>
      <object_component id="oc-1ae">
         <name>AdcbResultRegsFile</name>
         <uninitialized>true</uninitialized>
         <run_address>0xb20</run_address>
         <size>0x18</size>
         <input_file_ref idref="fl-a"/>
      </object_component>
      <object_component id="oc-1d8">
         <name>AnalogSubsysRegsFile</name>
         <uninitialized>true</uninitialized>
         <run_address>0x5d180</run_address>
         <size>0x3e</size>
         <input_file_ref idref="fl-a"/>
      </object_component>
      <object_component id="oc-1e1">
         <name>ClkCfgRegsFile</name>
         <uninitialized>true</uninitialized>
         <run_address>0x5d200</run_address>
         <size>0x32</size>
         <input_file_ref idref="fl-a"/>
      </object_component>
      <object_component id="oc-1d5">
         <name>CpuSysRegsFile</name>
         <uninitialized>true</uninitialized>
         <run_address>0x5d300</run_address>
         <size>0x82</size>
         <input_file_ref idref="fl-a"/>
      </object_component>
      <object_component id="oc-1db">
         <name>DevCfgRegsFile</name>
         <uninitialized>true</uninitialized>
         <run_address>0x5d000</run_address>
         <size>0x12e</size>
         <input_file_ref idref="fl-a"/>
      </object_component>
      <object_component id="oc-111">
         <name>EPwm3RegsFile</name>
         <uninitialized>true</uninitialized>
         <run_address>0x4200</run_address>
         <size>0x100</size>
         <input_file_ref idref="fl-a"/>
      </object_component>
      <object_component id="oc-18e">
         <name>EPwm6RegsFile</name>
         <uninitialized>true</uninitialized>
         <run_address>0x4500</run_address>
         <size>0x100</size>
         <input_file_ref idref="fl-a"/>
      </object_component>
      <object_component id="oc-12a">
         <name>EQep1RegsFile</name>
         <uninitialized>true</uninitialized>
         <run_address>0x5100</run_address>
         <size>0x22</size>
         <input_file_ref idref="fl-a"/>
      </object_component>
      <object_component id="oc-1de">
         <name>GpioCtrlRegsFile</name>
         <uninitialized>true</uninitialized>
         <run_address>0x7c00</run_address>
         <size>0x180</size>
         <input_file_ref idref="fl-a"/>
      </object_component>
      <object_component id="oc-18b">
         <name>GpioDataRegsFile</name>
         <uninitialized>true</uninitialized>
         <run_address>0x7f00</run_address>
         <size>0x30</size>
         <input_file_ref idref="fl-a"/>
      </object_component>
      <object_component id="oc-114">
         <name>PieCtrlRegsFile</name>
         <uninitialized>true</uninitialized>
         <run_address>0xce0</run_address>
         <size>0x1a</size>
         <input_file_ref idref="fl-a"/>
      </object_component>
      <object_component id="oc-1e7">
         <name>SpibRegsFile</name>
         <uninitialized>true</uninitialized>
         <run_address>0x6110</run_address>
         <size>0x10</size>
         <input_file_ref idref="fl-a"/>
      </object_component>
      <object_component id="oc-1d2">
         <name>WdRegsFile</name>
         <uninitialized>true</uninitialized>
         <run_address>0x7000</run_address>
         <size>0x2b</size>
         <input_file_ref idref="fl-a"/>
      </object_component>
      <object_component id="oc-1bd">
         <name>.debug_types</name>
         <load_address>0x0</load_address>
         <run_address>0x0</run_address>
         <size>0xb46</size>
         <input_file_ref idref="fl-1"/>
      </object_component>
      <object_component id="oc-188">
         <name>.debug_types</name>
         <load_address>0xb46</load_address>
         <run_address>0xb46</run_address>
         <size>0xe99</size>
         <input_file_ref idref="fl-3"/>
      </object_component>
      <object_component id="oc-11e">
         <name>.debug_types</name>
         <load_address>0x19df</load_address>
         <run_address>0x19df</run_address>
         <size>0xe4ba</size>
         <input_file_ref idref="fl-4"/>
      </object_component>
      <object_component id="oc-12e">
         <name>.debug_types</name>
         <load_address>0xfe99</load_address>
         <run_address>0xfe99</run_address>
         <size>0x4d</size>
         <input_file_ref idref="fl-5"/>
      </object_component>
      <object_component id="oc-1ee">
         <name>.debug_types</name>
         <load_address>0xfee6</load_address>
         <run_address>0xfee6</run_address>
         <size>0x21d59</size>
         <input_file_ref idref="fl-6"/>
      </object_component>
      <object_component id="oc-1aa">
         <name>.debug_types</name>
         <load_address>0x0</load_address>
         <run_address>0x0</run_address>
         <size>0x0</size>
         <input_file_ref idref="fl-8"/>
      </object_component>
      <object_component id="oc-1c8">
         <name>.debug_types</name>
         <load_address>0x31c3f</load_address>
         <run_address>0x31c3f</run_address>
         <size>0x2e62e</size>
         <input_file_ref idref="fl-a"/>
      </object_component>
      <object_component id="oc-24d">
         <name>.debug_types</name>
         <load_address>0x6026d</load_address>
         <run_address>0x6026d</run_address>
         <size>0x12b</size>
         <input_file_ref idref="fl-11"/>
      </object_component>
      <object_component id="oc-249">
         <name>.debug_types</name>
         <load_address>0x0</load_address>
         <run_address>0x0</run_address>
         <size>0x0</size>
         <input_file_ref idref="fl-12"/>
      </object_component>
      <object_component id="oc-147">
         <name>.debug_types</name>
         <load_address>0x0</load_address>
         <run_address>0x0</run_address>
         <size>0x0</size>
         <input_file_ref idref="fl-1f"/>
      </object_component>
      <object_component id="oc-208">
         <name>.debug_types</name>
         <load_address>0x60398</load_address>
         <run_address>0x60398</run_address>
         <size>0x563</size>
         <input_file_ref idref="fl-20"/>
      </object_component>
      <object_component id="oc-13e">
         <name>.debug_types</name>
         <load_address>0x608fb</load_address>
         <run_address>0x608fb</run_address>
         <size>0x1f3</size>
         <input_file_ref idref="fl-21"/>
      </object_component>
      <object_component id="oc-c0">
         <name>.debug_types</name>
         <load_address>0x0</load_address>
         <run_address>0x0</run_address>
         <size>0x0</size>
         <input_file_ref idref="fl-22"/>
      </object_component>
      <object_component id="oc-b8">
         <name>.debug_types</name>
         <load_address>0x60aee</load_address>
         <run_address>0x60aee</run_address>
         <size>0x191</size>
         <input_file_ref idref="fl-23"/>
      </object_component>
      <object_component id="oc-2a7">
         <name>.debug_types</name>
         <load_address>0x60c7f</load_address>
         <run_address>0x60c7f</run_address>
         <size>0xcb</size>
         <input_file_ref idref="fl-24"/>
      </object_component>
      <object_component id="oc-2e4">
         <name>.debug_types</name>
         <load_address>0x60d4a</load_address>
         <run_address>0x60d4a</run_address>
         <size>0x187</size>
         <input_file_ref idref="fl-25"/>
      </object_component>
      <object_component id="oc-181">
         <name>.debug_types</name>
         <load_address>0x60ed1</load_address>
         <run_address>0x60ed1</run_address>
         <size>0x90</size>
         <input_file_ref idref="fl-26"/>
      </object_component>
      <object_component id="oc-223">
         <name>.debug_types</name>
         <load_address>0x60f61</load_address>
         <run_address>0x60f61</run_address>
         <size>0x2f</size>
         <input_file_ref idref="fl-27"/>
      </object_component>
      <object_component id="oc-179">
         <name>.debug_types</name>
         <load_address>0x60f90</load_address>
         <run_address>0x60f90</run_address>
         <size>0xe1</size>
         <input_file_ref idref="fl-28"/>
      </object_component>
      <object_component id="oc-1fd">
         <name>.debug_types</name>
         <load_address>0x61071</load_address>
         <run_address>0x61071</run_address>
         <size>0x2f</size>
         <input_file_ref idref="fl-29"/>
      </object_component>
      <object_component id="oc-2ac">
         <name>.debug_types</name>
         <load_address>0x0</load_address>
         <run_address>0x0</run_address>
         <size>0x0</size>
         <input_file_ref idref="fl-2a"/>
      </object_component>
      <object_component id="oc-288">
         <name>.debug_types</name>
         <load_address>0x0</load_address>
         <run_address>0x0</run_address>
         <size>0x0</size>
         <input_file_ref idref="fl-2b"/>
      </object_component>
      <object_component id="oc-306">
         <name>.debug_types</name>
         <load_address>0x0</load_address>
         <run_address>0x0</run_address>
         <size>0x0</size>
         <input_file_ref idref="fl-2c"/>
      </object_component>
      <object_component id="oc-301">
         <name>.debug_types</name>
         <load_address>0x0</load_address>
         <run_address>0x0</run_address>
         <size>0x0</size>
         <input_file_ref idref="fl-2d"/>
      </object_component>
      <object_component id="oc-139">
         <name>.debug_types</name>
         <load_address>0x610a0</load_address>
         <run_address>0x610a0</run_address>
         <size>0x89</size>
         <input_file_ref idref="fl-34"/>
      </object_component>
      <object_component id="oc-276">
         <name>.debug_types</name>
         <load_address>0x0</load_address>
         <run_address>0x0</run_address>
         <size>0x0</size>
         <input_file_ref idref="fl-35"/>
      </object_component>
      <object_component id="oc-312">
         <name>.debug_types</name>
         <load_address>0x0</load_address>
         <run_address>0x0</run_address>
         <size>0x0</size>
         <input_file_ref idref="fl-36"/>
      </object_component>
      <object_component id="oc-30f">
         <name>.debug_types</name>
         <load_address>0x0</load_address>
         <run_address>0x0</run_address>
         <size>0x0</size>
         <input_file_ref idref="fl-37"/>
      </object_component>
      <object_component id="oc-f1">
         <name>.debug_info</name>
         <load_address>0x0</load_address>
         <run_address>0x0</run_address>
         <size>0x693</size>
         <input_file_ref idref="fl-1"/>
      </object_component>
      <object_component id="oc-e2">
         <name>.debug_info</name>
         <load_address>0x693</load_address>
         <run_address>0x693</run_address>
         <size>0x172</size>
         <input_file_ref idref="fl-3"/>
      </object_component>
      <object_component id="oc-118">
         <name>.debug_info</name>
         <load_address>0x805</load_address>
         <run_address>0x805</run_address>
         <size>0x243</size>
         <input_file_ref idref="fl-4"/>
      </object_component>
      <object_component id="oc-a6">
         <name>.debug_info</name>
         <load_address>0xa48</load_address>
         <run_address>0xa48</run_address>
         <size>0x39d</size>
         <input_file_ref idref="fl-4"/>
      </object_component>
      <object_component id="oc-e8">
         <name>.debug_info</name>
         <load_address>0xde5</load_address>
         <run_address>0xde5</run_address>
         <size>0x102</size>
         <input_file_ref idref="fl-5"/>
      </object_component>
      <object_component id="oc-10c">
         <name>.debug_info</name>
         <load_address>0xee7</load_address>
         <run_address>0xee7</run_address>
         <size>0xde</size>
         <input_file_ref idref="fl-5"/>
      </object_component>
      <object_component id="oc-10f">
         <name>.debug_info</name>
         <load_address>0xfc5</load_address>
         <run_address>0xfc5</run_address>
         <size>0xde</size>
         <input_file_ref idref="fl-5"/>
      </object_component>
      <object_component id="oc-ac">
         <name>.debug_info</name>
         <load_address>0x10a3</load_address>
         <run_address>0x10a3</run_address>
         <size>0x260</size>
         <input_file_ref idref="fl-5"/>
      </object_component>
      <object_component id="oc-120">
         <name>.debug_info</name>
         <load_address>0x1303</load_address>
         <run_address>0x1303</run_address>
         <size>0x628</size>
         <input_file_ref idref="fl-6"/>
      </object_component>
      <object_component id="oc-eb">
         <name>.debug_info</name>
         <load_address>0x192b</load_address>
         <run_address>0x192b</run_address>
         <size>0x7a1</size>
         <input_file_ref idref="fl-8"/>
      </object_component>
      <object_component id="oc-b2">
         <name>.debug_info</name>
         <load_address>0x20cc</load_address>
         <run_address>0x20cc</run_address>
         <size>0x10e</size>
         <input_file_ref idref="fl-9"/>
      </object_component>
      <object_component id="oc-130">
         <name>.debug_info</name>
         <load_address>0x21da</load_address>
         <run_address>0x21da</run_address>
         <size>0x10f</size>
         <input_file_ref idref="fl-9"/>
      </object_component>
      <object_component id="oc-1e8">
         <name>.debug_info</name>
         <load_address>0x22e9</load_address>
         <run_address>0x22e9</run_address>
         <size>0xfd</size>
         <input_file_ref idref="fl-a"/>
      </object_component>
      <object_component id="oc-1ac">
         <name>.debug_info</name>
         <load_address>0x23e6</load_address>
         <run_address>0x23e6</run_address>
         <size>0x108</size>
         <input_file_ref idref="fl-a"/>
      </object_component>
      <object_component id="oc-1af">
         <name>.debug_info</name>
         <load_address>0x24ee</load_address>
         <run_address>0x24ee</run_address>
         <size>0x108</size>
         <input_file_ref idref="fl-a"/>
      </object_component>
      <object_component id="oc-115">
         <name>.debug_info</name>
         <load_address>0x25f6</load_address>
         <run_address>0x25f6</run_address>
         <size>0x103</size>
         <input_file_ref idref="fl-a"/>
      </object_component>
      <object_component id="oc-12b">
         <name>.debug_info</name>
         <load_address>0x26f9</load_address>
         <run_address>0x26f9</run_address>
         <size>0xff</size>
         <input_file_ref idref="fl-a"/>
      </object_component>
      <object_component id="oc-1d3">
         <name>.debug_info</name>
         <load_address>0x27f8</load_address>
         <run_address>0x27f8</run_address>
         <size>0xf9</size>
         <input_file_ref idref="fl-a"/>
      </object_component>
      <object_component id="oc-18c">
         <name>.debug_info</name>
         <load_address>0x28f1</load_address>
         <run_address>0x28f1</run_address>
         <size>0x105</size>
         <input_file_ref idref="fl-a"/>
      </object_component>
      <object_component id="oc-1e2">
         <name>.debug_info</name>
         <load_address>0x29f6</load_address>
         <run_address>0x29f6</run_address>
         <size>0x101</size>
         <input_file_ref idref="fl-a"/>
      </object_component>
      <object_component id="oc-1d9">
         <name>.debug_info</name>
         <load_address>0x2af7</load_address>
         <run_address>0x2af7</run_address>
         <size>0x10c</size>
         <input_file_ref idref="fl-a"/>
      </object_component>
      <object_component id="oc-11b">
         <name>.debug_info</name>
         <load_address>0x2c03</load_address>
         <run_address>0x2c03</run_address>
         <size>0xfc</size>
         <input_file_ref idref="fl-a"/>
      </object_component>
      <object_component id="oc-1e5">
         <name>.debug_info</name>
         <load_address>0x2cff</load_address>
         <run_address>0x2cff</run_address>
         <size>0xfc</size>
         <input_file_ref idref="fl-a"/>
      </object_component>
      <object_component id="oc-1d6">
         <name>.debug_info</name>
         <load_address>0x2dfb</load_address>
         <run_address>0x2dfb</run_address>
         <size>0x101</size>
         <input_file_ref idref="fl-a"/>
      </object_component>
      <object_component id="oc-112">
         <name>.debug_info</name>
         <load_address>0x2efc</load_address>
         <run_address>0x2efc</run_address>
         <size>0xff</size>
         <input_file_ref idref="fl-a"/>
      </object_component>
      <object_component id="oc-18f">
         <name>.debug_info</name>
         <load_address>0x2ffb</load_address>
         <run_address>0x2ffb</run_address>
         <size>0xff</size>
         <input_file_ref idref="fl-a"/>
      </object_component>
      <object_component id="oc-1dc">
         <name>.debug_info</name>
         <load_address>0x30fa</load_address>
         <run_address>0x30fa</run_address>
         <size>0x101</size>
         <input_file_ref idref="fl-a"/>
      </object_component>
      <object_component id="oc-1df">
         <name>.debug_info</name>
         <load_address>0x31fb</load_address>
         <run_address>0x31fb</run_address>
         <size>0x105</size>
         <input_file_ref idref="fl-a"/>
      </object_component>
      <object_component id="oc-1eb">
         <name>.debug_info</name>
         <load_address>0x3300</load_address>
         <run_address>0x3300</run_address>
         <size>0x105</size>
         <input_file_ref idref="fl-a"/>
      </object_component>
      <object_component id="oc-126">
         <name>.debug_info</name>
         <load_address>0x3405</load_address>
         <run_address>0x3405</run_address>
         <size>0x108</size>
         <input_file_ref idref="fl-b"/>
      </object_component>
      <object_component id="oc-1a5">
         <name>.debug_info</name>
         <load_address>0x350d</load_address>
         <run_address>0x350d</run_address>
         <size>0x238</size>
         <input_file_ref idref="fl-11"/>
      </object_component>
      <object_component id="oc-199">
         <name>.debug_info</name>
         <load_address>0x3745</load_address>
         <run_address>0x3745</run_address>
         <size>0x238</size>
         <input_file_ref idref="fl-12"/>
      </object_component>
      <object_component id="oc-a2">
         <name>.debug_info</name>
         <load_address>0x397d</load_address>
         <run_address>0x397d</run_address>
         <size>0x158</size>
         <input_file_ref idref="fl-13"/>
      </object_component>
      <object_component id="oc-103">
         <name>.debug_info</name>
         <load_address>0x3ad5</load_address>
         <run_address>0x3ad5</run_address>
         <size>0x127</size>
         <input_file_ref idref="fl-14"/>
      </object_component>
      <object_component id="oc-ff">
         <name>.debug_info</name>
         <load_address>0x3bfc</load_address>
         <run_address>0x3bfc</run_address>
         <size>0x127</size>
         <input_file_ref idref="fl-15"/>
      </object_component>
      <object_component id="oc-1b9">
         <name>.debug_info</name>
         <load_address>0x3d23</load_address>
         <run_address>0x3d23</run_address>
         <size>0x127</size>
         <input_file_ref idref="fl-16"/>
      </object_component>
      <object_component id="oc-19f">
         <name>.debug_info</name>
         <load_address>0x3e4a</load_address>
         <run_address>0x3e4a</run_address>
         <size>0x13b</size>
         <input_file_ref idref="fl-17"/>
      </object_component>
      <object_component id="oc-233">
         <name>.debug_info</name>
         <load_address>0x3f85</load_address>
         <run_address>0x3f85</run_address>
         <size>0x127</size>
         <input_file_ref idref="fl-18"/>
      </object_component>
      <object_component id="oc-194">
         <name>.debug_info</name>
         <load_address>0x40ac</load_address>
         <run_address>0x40ac</run_address>
         <size>0x127</size>
         <input_file_ref idref="fl-19"/>
      </object_component>
      <object_component id="oc-183">
         <name>.debug_info</name>
         <load_address>0x41d3</load_address>
         <run_address>0x41d3</run_address>
         <size>0x127</size>
         <input_file_ref idref="fl-1a"/>
      </object_component>
      <object_component id="oc-1b2">
         <name>.debug_info</name>
         <load_address>0x42fa</load_address>
         <run_address>0x42fa</run_address>
         <size>0x12b</size>
         <input_file_ref idref="fl-1c"/>
      </object_component>
      <object_component id="oc-f7">
         <name>.debug_info</name>
         <load_address>0x4425</load_address>
         <run_address>0x4425</run_address>
         <size>0x12b</size>
         <input_file_ref idref="fl-1d"/>
      </object_component>
      <object_component id="oc-107">
         <name>.debug_info</name>
         <load_address>0x4550</load_address>
         <run_address>0x4550</run_address>
         <size>0x12b</size>
         <input_file_ref idref="fl-1e"/>
      </object_component>
      <object_component id="oc-ce">
         <name>.debug_info</name>
         <load_address>0x467b</load_address>
         <run_address>0x467b</run_address>
         <size>0x14d</size>
         <input_file_ref idref="fl-1f"/>
      </object_component>
      <object_component id="oc-149">
         <name>.debug_info</name>
         <load_address>0x47c8</load_address>
         <run_address>0x47c8</run_address>
         <size>0x1bf</size>
         <input_file_ref idref="fl-20"/>
      </object_component>
      <object_component id="oc-c8">
         <name>.debug_info</name>
         <load_address>0x4987</load_address>
         <run_address>0x4987</run_address>
         <size>0x19f</size>
         <input_file_ref idref="fl-21"/>
      </object_component>
      <object_component id="oc-9a">
         <name>.debug_info</name>
         <load_address>0x4b26</load_address>
         <run_address>0x4b26</run_address>
         <size>0x1b7</size>
         <input_file_ref idref="fl-22"/>
      </object_component>
      <object_component id="oc-94">
         <name>.debug_info</name>
         <load_address>0x4cdd</load_address>
         <run_address>0x4cdd</run_address>
         <size>0x20c</size>
         <input_file_ref idref="fl-23"/>
      </object_component>
      <object_component id="oc-299">
         <name>.debug_info</name>
         <load_address>0x4ee9</load_address>
         <run_address>0x4ee9</run_address>
         <size>0x210</size>
         <input_file_ref idref="fl-24"/>
      </object_component>
      <object_component id="oc-23d">
         <name>.debug_info</name>
         <load_address>0x50f9</load_address>
         <run_address>0x50f9</run_address>
         <size>0x76d</size>
         <input_file_ref idref="fl-24"/>
      </object_component>
      <object_component id="oc-2c7">
         <name>.debug_info</name>
         <load_address>0x5866</load_address>
         <run_address>0x5866</run_address>
         <size>0x110</size>
         <input_file_ref idref="fl-25"/>
      </object_component>
      <object_component id="oc-2d2">
         <name>.debug_info</name>
         <load_address>0x5976</load_address>
         <run_address>0x5976</run_address>
         <size>0x166</size>
         <input_file_ref idref="fl-25"/>
      </object_component>
      <object_component id="oc-2e1">
         <name>.debug_info</name>
         <load_address>0x5adc</load_address>
         <run_address>0x5adc</run_address>
         <size>0x10b</size>
         <input_file_ref idref="fl-25"/>
      </object_component>
      <object_component id="oc-2cf">
         <name>.debug_info</name>
         <load_address>0x5be7</load_address>
         <run_address>0x5be7</run_address>
         <size>0x10c</size>
         <input_file_ref idref="fl-25"/>
      </object_component>
      <object_component id="oc-2a1">
         <name>.debug_info</name>
         <load_address>0x5cf3</load_address>
         <run_address>0x5cf3</run_address>
         <size>0x823</size>
         <input_file_ref idref="fl-25"/>
      </object_component>
      <object_component id="oc-17b">
         <name>.debug_info</name>
         <load_address>0x6516</load_address>
         <run_address>0x6516</run_address>
         <size>0x19e</size>
         <input_file_ref idref="fl-26"/>
      </object_component>
      <object_component id="oc-db">
         <name>.debug_info</name>
         <load_address>0x66b4</load_address>
         <run_address>0x66b4</run_address>
         <size>0x1a9</size>
         <input_file_ref idref="fl-26"/>
      </object_component>
      <object_component id="oc-17e">
         <name>.debug_info</name>
         <load_address>0x685d</load_address>
         <run_address>0x685d</run_address>
         <size>0x107</size>
         <input_file_ref idref="fl-27"/>
      </object_component>
      <object_component id="oc-27d">
         <name>.debug_info</name>
         <load_address>0x6964</load_address>
         <run_address>0x6964</run_address>
         <size>0x10b</size>
         <input_file_ref idref="fl-27"/>
      </object_component>
      <object_component id="oc-21f">
         <name>.debug_info</name>
         <load_address>0x6a6f</load_address>
         <run_address>0x6a6f</run_address>
         <size>0x203</size>
         <input_file_ref idref="fl-27"/>
      </object_component>
      <object_component id="oc-d6">
         <name>.debug_info</name>
         <load_address>0x6c72</load_address>
         <run_address>0x6c72</run_address>
         <size>0x15d</size>
         <input_file_ref idref="fl-28"/>
      </object_component>
      <object_component id="oc-140">
         <name>.debug_info</name>
         <load_address>0x6dcf</load_address>
         <run_address>0x6dcf</run_address>
         <size>0x208</size>
         <input_file_ref idref="fl-29"/>
      </object_component>
      <object_component id="oc-2a9">
         <name>.debug_info</name>
         <load_address>0x6fd7</load_address>
         <run_address>0x6fd7</run_address>
         <size>0x193</size>
         <input_file_ref idref="fl-2a"/>
      </object_component>
      <object_component id="oc-243">
         <name>.debug_info</name>
         <load_address>0x716a</load_address>
         <run_address>0x716a</run_address>
         <size>0x352</size>
         <input_file_ref idref="fl-2a"/>
      </object_component>
      <object_component id="oc-285">
         <name>.debug_info</name>
         <load_address>0x74bc</load_address>
         <run_address>0x74bc</run_address>
         <size>0x195</size>
         <input_file_ref idref="fl-2b"/>
      </object_component>
      <object_component id="oc-238">
         <name>.debug_info</name>
         <load_address>0x7651</load_address>
         <run_address>0x7651</run_address>
         <size>0x3a9</size>
         <input_file_ref idref="fl-2b"/>
      </object_component>
      <object_component id="oc-303">
         <name>.debug_info</name>
         <load_address>0x79fa</load_address>
         <run_address>0x79fa</run_address>
         <size>0x107</size>
         <input_file_ref idref="fl-2c"/>
      </object_component>
      <object_component id="oc-2de">
         <name>.debug_info</name>
         <load_address>0x7b01</load_address>
         <run_address>0x7b01</run_address>
         <size>0x235</size>
         <input_file_ref idref="fl-2c"/>
      </object_component>
      <object_component id="oc-2f5">
         <name>.debug_info</name>
         <load_address>0x7d36</load_address>
         <run_address>0x7d36</run_address>
         <size>0x146</size>
         <input_file_ref idref="fl-2d"/>
      </object_component>
      <object_component id="oc-2d5">
         <name>.debug_info</name>
         <load_address>0x7e7c</load_address>
         <run_address>0x7e7c</run_address>
         <size>0x208</size>
         <input_file_ref idref="fl-2d"/>
      </object_component>
      <object_component id="oc-29c">
         <name>.debug_info</name>
         <load_address>0x8084</load_address>
         <run_address>0x8084</run_address>
         <size>0x131</size>
         <input_file_ref idref="fl-2e"/>
      </object_component>
      <object_component id="oc-28f">
         <name>.debug_info</name>
         <load_address>0x81b5</load_address>
         <run_address>0x81b5</run_address>
         <size>0x127</size>
         <input_file_ref idref="fl-2f"/>
      </object_component>
      <object_component id="oc-28a">
         <name>.debug_info</name>
         <load_address>0x82dc</load_address>
         <run_address>0x82dc</run_address>
         <size>0x1a5</size>
         <input_file_ref idref="fl-30"/>
      </object_component>
      <object_component id="oc-2cc">
         <name>.debug_info</name>
         <load_address>0x8481</load_address>
         <run_address>0x8481</run_address>
         <size>0x163</size>
         <input_file_ref idref="fl-31"/>
      </object_component>
      <object_component id="oc-294">
         <name>.debug_info</name>
         <load_address>0x85e4</load_address>
         <run_address>0x85e4</run_address>
         <size>0x12b</size>
         <input_file_ref idref="fl-32"/>
      </object_component>
      <object_component id="oc-ba">
         <name>.debug_info</name>
         <load_address>0x870f</load_address>
         <run_address>0x870f</run_address>
         <size>0x19b</size>
         <input_file_ref idref="fl-34"/>
      </object_component>
      <object_component id="oc-202">
         <name>.debug_info</name>
         <load_address>0x88aa</load_address>
         <run_address>0x88aa</run_address>
         <size>0x147</size>
         <input_file_ref idref="fl-35"/>
      </object_component>
      <object_component id="oc-2fe">
         <name>.debug_info</name>
         <load_address>0x89f1</load_address>
         <run_address>0x89f1</run_address>
         <size>0x106</size>
         <input_file_ref idref="fl-36"/>
      </object_component>
      <object_component id="oc-2f8">
         <name>.debug_info</name>
         <load_address>0x8af7</load_address>
         <run_address>0x8af7</run_address>
         <size>0x189</size>
         <input_file_ref idref="fl-37"/>
      </object_component>
      <object_component id="oc-3cd">
         <name>.debug_info</name>
         <load_address>0x8c80</load_address>
         <run_address>0x8c80</run_address>
         <size>0xaa</size>
      </object_component>
      <object_component id="oc-f4">
         <name>.debug_line</name>
         <load_address>0x0</load_address>
         <run_address>0x0</run_address>
         <size>0x9c</size>
         <input_file_ref idref="fl-1"/>
      </object_component>
      <object_component id="oc-258">
         <name>.debug_line</name>
         <load_address>0x9c</load_address>
         <run_address>0x9c</run_address>
         <size>0xe2</size>
         <input_file_ref idref="fl-1"/>
      </object_component>
      <object_component id="oc-e5">
         <name>.debug_line</name>
         <load_address>0x17e</load_address>
         <run_address>0x17e</run_address>
         <size>0x44</size>
         <input_file_ref idref="fl-3"/>
      </object_component>
      <object_component id="oc-229">
         <name>.debug_line</name>
         <load_address>0x1c2</load_address>
         <run_address>0x1c2</run_address>
         <size>0x8b</size>
         <input_file_ref idref="fl-3"/>
      </object_component>
      <object_component id="oc-1cc">
         <name>.debug_line</name>
         <load_address>0x24d</load_address>
         <run_address>0x24d</run_address>
         <size>0x3b</size>
         <input_file_ref idref="fl-4"/>
      </object_component>
      <object_component id="oc-a9">
         <name>.debug_line</name>
         <load_address>0x288</load_address>
         <run_address>0x288</run_address>
         <size>0xaa</size>
         <input_file_ref idref="fl-4"/>
      </object_component>
      <object_component id="oc-1d0">
         <name>.debug_line</name>
         <load_address>0x332</load_address>
         <run_address>0x332</run_address>
         <size>0x149</size>
         <input_file_ref idref="fl-4"/>
      </object_component>
      <object_component id="oc-18a">
         <name>.debug_line</name>
         <load_address>0x47b</load_address>
         <run_address>0x47b</run_address>
         <size>0x2e</size>
         <input_file_ref idref="fl-5"/>
      </object_component>
      <object_component id="oc-1c3">
         <name>.debug_line</name>
         <load_address>0x4a9</load_address>
         <run_address>0x4a9</run_address>
         <size>0x2e</size>
         <input_file_ref idref="fl-5"/>
      </object_component>
      <object_component id="oc-1c5">
         <name>.debug_line</name>
         <load_address>0x4d7</load_address>
         <run_address>0x4d7</run_address>
         <size>0x2e</size>
         <input_file_ref idref="fl-5"/>
      </object_component>
      <object_component id="oc-af">
         <name>.debug_line</name>
         <load_address>0x505</load_address>
         <run_address>0x505</run_address>
         <size>0x67</size>
         <input_file_ref idref="fl-5"/>
      </object_component>
      <object_component id="oc-1f3">
         <name>.debug_line</name>
         <load_address>0x56c</load_address>
         <run_address>0x56c</run_address>
         <size>0xd6</size>
         <input_file_ref idref="fl-5"/>
      </object_component>
      <object_component id="oc-123">
         <name>.debug_line</name>
         <load_address>0x642</load_address>
         <run_address>0x642</run_address>
         <size>0x24c</size>
         <input_file_ref idref="fl-6"/>
      </object_component>
      <object_component id="oc-270">
         <name>.debug_line</name>
         <load_address>0x88e</load_address>
         <run_address>0x88e</run_address>
         <size>0x31f</size>
         <input_file_ref idref="fl-6"/>
      </object_component>
      <object_component id="oc-ee">
         <name>.debug_line</name>
         <load_address>0xbad</load_address>
         <run_address>0xbad</run_address>
         <size>0xdc</size>
         <input_file_ref idref="fl-8"/>
      </object_component>
      <object_component id="oc-24f">
         <name>.debug_line</name>
         <load_address>0xc89</load_address>
         <run_address>0xc89</run_address>
         <size>0x14d</size>
         <input_file_ref idref="fl-8"/>
      </object_component>
      <object_component id="oc-b5">
         <name>.debug_line</name>
         <load_address>0xdd6</load_address>
         <run_address>0xdd6</run_address>
         <size>0x57</size>
         <input_file_ref idref="fl-9"/>
      </object_component>
      <object_component id="oc-133">
         <name>.debug_line</name>
         <load_address>0xe2d</load_address>
         <run_address>0xe2d</run_address>
         <size>0x5f</size>
         <input_file_ref idref="fl-9"/>
      </object_component>
      <object_component id="oc-26c">
         <name>.debug_line</name>
         <load_address>0xe8c</load_address>
         <run_address>0xe8c</run_address>
         <size>0x4d</size>
         <input_file_ref idref="fl-a"/>
      </object_component>
      <object_component id="oc-252">
         <name>.debug_line</name>
         <load_address>0xed9</load_address>
         <run_address>0xed9</run_address>
         <size>0x4d</size>
         <input_file_ref idref="fl-a"/>
      </object_component>
      <object_component id="oc-254">
         <name>.debug_line</name>
         <load_address>0xf26</load_address>
         <run_address>0xf26</run_address>
         <size>0x4d</size>
         <input_file_ref idref="fl-a"/>
      </object_component>
      <object_component id="oc-1ca">
         <name>.debug_line</name>
         <load_address>0xf73</load_address>
         <run_address>0xf73</run_address>
         <size>0x4d</size>
         <input_file_ref idref="fl-a"/>
      </object_component>
      <object_component id="oc-1f1">
         <name>.debug_line</name>
         <load_address>0xfc0</load_address>
         <run_address>0xfc0</run_address>
         <size>0x4d</size>
         <input_file_ref idref="fl-a"/>
      </object_component>
      <object_component id="oc-25e">
         <name>.debug_line</name>
         <load_address>0x100d</load_address>
         <run_address>0x100d</run_address>
         <size>0x4d</size>
         <input_file_ref idref="fl-a"/>
      </object_component>
      <object_component id="oc-22c">
         <name>.debug_line</name>
         <load_address>0x105a</load_address>
         <run_address>0x105a</run_address>
         <size>0x4d</size>
         <input_file_ref idref="fl-a"/>
      </object_component>
      <object_component id="oc-268">
         <name>.debug_line</name>
         <load_address>0x10a7</load_address>
         <run_address>0x10a7</run_address>
         <size>0x4d</size>
         <input_file_ref idref="fl-a"/>
      </object_component>
      <object_component id="oc-262">
         <name>.debug_line</name>
         <load_address>0x10f4</load_address>
         <run_address>0x10f4</run_address>
         <size>0x4d</size>
         <input_file_ref idref="fl-a"/>
      </object_component>
      <object_component id="oc-1ce">
         <name>.debug_line</name>
         <load_address>0x1141</load_address>
         <run_address>0x1141</run_address>
         <size>0x4d</size>
         <input_file_ref idref="fl-a"/>
      </object_component>
      <object_component id="oc-26a">
         <name>.debug_line</name>
         <load_address>0x118e</load_address>
         <run_address>0x118e</run_address>
         <size>0x4d</size>
         <input_file_ref idref="fl-a"/>
      </object_component>
      <object_component id="oc-260">
         <name>.debug_line</name>
         <load_address>0x11db</load_address>
         <run_address>0x11db</run_address>
         <size>0x4d</size>
         <input_file_ref idref="fl-a"/>
      </object_component>
      <object_component id="oc-1c7">
         <name>.debug_line</name>
         <load_address>0x1228</load_address>
         <run_address>0x1228</run_address>
         <size>0x4d</size>
         <input_file_ref idref="fl-a"/>
      </object_component>
      <object_component id="oc-22e">
         <name>.debug_line</name>
         <load_address>0x1275</load_address>
         <run_address>0x1275</run_address>
         <size>0x4d</size>
         <input_file_ref idref="fl-a"/>
      </object_component>
      <object_component id="oc-264">
         <name>.debug_line</name>
         <load_address>0x12c2</load_address>
         <run_address>0x12c2</run_address>
         <size>0x4d</size>
         <input_file_ref idref="fl-a"/>
      </object_component>
      <object_component id="oc-266">
         <name>.debug_line</name>
         <load_address>0x130f</load_address>
         <run_address>0x130f</run_address>
         <size>0x4d</size>
         <input_file_ref idref="fl-a"/>
      </object_component>
      <object_component id="oc-26e">
         <name>.debug_line</name>
         <load_address>0x135c</load_address>
         <run_address>0x135c</run_address>
         <size>0x4d</size>
         <input_file_ref idref="fl-a"/>
      </object_component>
      <object_component id="oc-25b">
         <name>.debug_line</name>
         <load_address>0x13a9</load_address>
         <run_address>0x13a9</run_address>
         <size>0xbc</size>
         <input_file_ref idref="fl-a"/>
      </object_component>
      <object_component id="oc-129">
         <name>.debug_line</name>
         <load_address>0x1465</load_address>
         <run_address>0x1465</run_address>
         <size>0x51</size>
         <input_file_ref idref="fl-b"/>
      </object_component>
      <object_component id="oc-1a8">
         <name>.debug_line</name>
         <load_address>0x14b6</load_address>
         <run_address>0x14b6</run_address>
         <size>0x5f</size>
         <input_file_ref idref="fl-11"/>
      </object_component>
      <object_component id="oc-2b1">
         <name>.debug_line</name>
         <load_address>0x1515</load_address>
         <run_address>0x1515</run_address>
         <size>0x21</size>
         <input_file_ref idref="fl-11"/>
      </object_component>
      <object_component id="oc-19d">
         <name>.debug_line</name>
         <load_address>0x1536</load_address>
         <run_address>0x1536</run_address>
         <size>0x5f</size>
         <input_file_ref idref="fl-12"/>
      </object_component>
      <object_component id="oc-2ae">
         <name>.debug_line</name>
         <load_address>0x1595</load_address>
         <run_address>0x1595</run_address>
         <size>0x21</size>
         <input_file_ref idref="fl-12"/>
      </object_component>
      <object_component id="oc-a4">
         <name>.debug_line</name>
         <load_address>0x15b6</load_address>
         <run_address>0x15b6</run_address>
         <size>0x4f</size>
         <input_file_ref idref="fl-13"/>
      </object_component>
      <object_component id="oc-102">
         <name>.debug_line</name>
         <load_address>0x1605</load_address>
         <run_address>0x1605</run_address>
         <size>0xc5</size>
         <input_file_ref idref="fl-14"/>
      </object_component>
      <object_component id="oc-fe">
         <name>.debug_line</name>
         <load_address>0x16ca</load_address>
         <run_address>0x16ca</run_address>
         <size>0xa3</size>
         <input_file_ref idref="fl-15"/>
      </object_component>
      <object_component id="oc-1bb">
         <name>.debug_line</name>
         <load_address>0x176d</load_address>
         <run_address>0x176d</run_address>
         <size>0x46</size>
         <input_file_ref idref="fl-16"/>
      </object_component>
      <object_component id="oc-1a2">
         <name>.debug_line</name>
         <load_address>0x17b3</load_address>
         <run_address>0x17b3</run_address>
         <size>0x4a</size>
         <input_file_ref idref="fl-17"/>
      </object_component>
      <object_component id="oc-231">
         <name>.debug_line</name>
         <load_address>0x17fd</load_address>
         <run_address>0x17fd</run_address>
         <size>0x5a</size>
         <input_file_ref idref="fl-18"/>
      </object_component>
      <object_component id="oc-197">
         <name>.debug_line</name>
         <load_address>0x1857</load_address>
         <run_address>0x1857</run_address>
         <size>0x55</size>
         <input_file_ref idref="fl-19"/>
      </object_component>
      <object_component id="oc-186">
         <name>.debug_line</name>
         <load_address>0x18ac</load_address>
         <run_address>0x18ac</run_address>
         <size>0xae</size>
         <input_file_ref idref="fl-1a"/>
      </object_component>
      <object_component id="oc-1b5">
         <name>.debug_line</name>
         <load_address>0x195a</load_address>
         <run_address>0x195a</run_address>
         <size>0x53</size>
         <input_file_ref idref="fl-1c"/>
      </object_component>
      <object_component id="oc-fa">
         <name>.debug_line</name>
         <load_address>0x19ad</load_address>
         <run_address>0x19ad</run_address>
         <size>0x59</size>
         <input_file_ref idref="fl-1d"/>
      </object_component>
      <object_component id="oc-10a">
         <name>.debug_line</name>
         <load_address>0x1a06</load_address>
         <run_address>0x1a06</run_address>
         <size>0x5f</size>
         <input_file_ref idref="fl-1e"/>
      </object_component>
      <object_component id="oc-d1">
         <name>.debug_line</name>
         <load_address>0x1a65</load_address>
         <run_address>0x1a65</run_address>
         <size>0x3f</size>
         <input_file_ref idref="fl-1f"/>
      </object_component>
      <object_component id="oc-1ff">
         <name>.debug_line</name>
         <load_address>0x1aa4</load_address>
         <run_address>0x1aa4</run_address>
         <size>0x21</size>
         <input_file_ref idref="fl-1f"/>
      </object_component>
      <object_component id="oc-14c">
         <name>.debug_line</name>
         <load_address>0x1ac5</load_address>
         <run_address>0x1ac5</run_address>
         <size>0x71</size>
         <input_file_ref idref="fl-20"/>
      </object_component>
      <object_component id="oc-278">
         <name>.debug_line</name>
         <load_address>0x1b36</load_address>
         <run_address>0x1b36</run_address>
         <size>0x21</size>
         <input_file_ref idref="fl-20"/>
      </object_component>
      <object_component id="oc-cb">
         <name>.debug_line</name>
         <load_address>0x1b57</load_address>
         <run_address>0x1b57</run_address>
         <size>0x52</size>
         <input_file_ref idref="fl-21"/>
      </object_component>
      <object_component id="oc-1fa">
         <name>.debug_line</name>
         <load_address>0x1ba9</load_address>
         <run_address>0x1ba9</run_address>
         <size>0x21</size>
         <input_file_ref idref="fl-21"/>
      </object_component>
      <object_component id="oc-9d">
         <name>.debug_line</name>
         <load_address>0x1bca</load_address>
         <run_address>0x1bca</run_address>
         <size>0x57</size>
         <input_file_ref idref="fl-22"/>
      </object_component>
      <object_component id="oc-13b">
         <name>.debug_line</name>
         <load_address>0x1c21</load_address>
         <run_address>0x1c21</run_address>
         <size>0x21</size>
         <input_file_ref idref="fl-22"/>
      </object_component>
      <object_component id="oc-97">
         <name>.debug_line</name>
         <load_address>0x1c42</load_address>
         <run_address>0x1c42</run_address>
         <size>0x9a</size>
         <input_file_ref idref="fl-23"/>
      </object_component>
      <object_component id="oc-136">
         <name>.debug_line</name>
         <load_address>0x1cdc</load_address>
         <run_address>0x1cdc</run_address>
         <size>0x21</size>
         <input_file_ref idref="fl-23"/>
      </object_component>
      <object_component id="oc-2c4">
         <name>.debug_line</name>
         <load_address>0x1cfd</load_address>
         <run_address>0x1cfd</run_address>
         <size>0x31</size>
         <input_file_ref idref="fl-24"/>
      </object_component>
      <object_component id="oc-240">
         <name>.debug_line</name>
         <load_address>0x1d2e</load_address>
         <run_address>0x1d2e</run_address>
         <size>0x1fc</size>
         <input_file_ref idref="fl-24"/>
      </object_component>
      <object_component id="oc-2e6">
         <name>.debug_line</name>
         <load_address>0x1f2a</load_address>
         <run_address>0x1f2a</run_address>
         <size>0x21</size>
         <input_file_ref idref="fl-24"/>
      </object_component>
      <object_component id="oc-2ee">
         <name>.debug_line</name>
         <load_address>0x1f4b</load_address>
         <run_address>0x1f4b</run_address>
         <size>0x31</size>
         <input_file_ref idref="fl-25"/>
      </object_component>
      <object_component id="oc-2f3">
         <name>.debug_line</name>
         <load_address>0x1f7c</load_address>
         <run_address>0x1f7c</run_address>
         <size>0x31</size>
         <input_file_ref idref="fl-25"/>
      </object_component>
      <object_component id="oc-308">
         <name>.debug_line</name>
         <load_address>0x1fad</load_address>
         <run_address>0x1fad</run_address>
         <size>0x31</size>
         <input_file_ref idref="fl-25"/>
      </object_component>
[...]
            <load_size>0x4</load_size>
            <run_address>0xd00</run_address>
            <run_size>0x1c0</run_size>
            <compression>zero_init</compression>
         </cprec>
      </cptbl>
   </cptbl_list>
   <handler_table>
      <handler_table_name>__TI_handler_table</handler_table_name>
      <handler>
         <index>0x0</index>
         <name>__TI_zero_init</name>
      </handler>
      <handler>
         <index>0x1</index>
         <name>__TI_decompress_lzss</name>
      </handler>
      <handler>
         <index>0x2</index>
         <name>__TI_decompress_none</name>
      </handler>
   </handler_table>
   <symbol_table>
      <symbol id="sm-1">
         <name>__TI_CINIT_Base</name>
         <value>0x148</value>
      </symbol>
      <symbol id="sm-2">
         <name>__TI_CINIT_Limit</name>
         <value>0x154</value>
      </symbol>
      <symbol id="sm-3">
         <name>__TI_Handler_Table_Base</name>
         <value>0x138</value>
      </symbol>
      <symbol id="sm-4">
         <name>__TI_Handler_Table_Limit</name>
         <value>0x13e</value>
      </symbol>
      <symbol id="sm-5">
         <name>__TI_STACK_SIZE</name>
         <value>0x200</value>
      </symbol>
      <symbol id="sm-6">
         <name>__TI_STACK_END</name>
         <value>0x600</value>
      </symbol>
      <symbol id="sm-7">
         <name>__TI_pprof_out_hndl</name>
         <value>0xffffffff</value>
      </symbol>
      <symbol id="sm-8">
         <name>__TI_prof_data_start</name>
         <value>0xffffffff</value>
      </symbol>
      <symbol id="sm-9">
         <name>__TI_prof_data_size</name>
         <value>0xffffffff</value>
      </symbol>
      <symbol id="sm-b2">
         <name>current_clarkeTransformation</name>
         <value>0x8aae</value>
         <object_component_ref idref="oc-f0"/>
      </symbol>
      <symbol id="sm-b3">
         <name>current_sensAndScale</name>
         <value>0x8a3e</value>
         <object_component_ref idref="oc-f0"/>
      </symbol>
      <symbol id="sm-b4">
         <name>current_parkTransformation</name>
         <value>0x8af1</value>
         <object_component_ref idref="oc-f0"/>
      </symbol>
      <symbol id="sm-b5">
         <name>current_sensAndTransform</name>
         <value>0x8bcd</value>
         <object_component_ref idref="oc-f0"/>
      </symbol>
      <symbol id="sm-c3">
         <name>enc_calcPosition_electrical</name>
         <value>0x9525</value>
         <object_component_ref idref="oc-e1"/>
      </symbol>
      <symbol id="sm-dc">
         <name>GainP</name>
         <value>0xaa18</value>
         <object_component_ref idref="oc-117"/>
      </symbol>
      <symbol id="sm-dd">
         <name>GainI</name>
         <value>0xaa1a</value>
         <object_component_ref idref="oc-117"/>
      </symbol>
      <symbol id="sm-de">
         <name>PIOut2</name>
         <value>0xaa20</value>
         <object_component_ref idref="oc-117"/>
      </symbol>
      <symbol id="sm-df">
         <name>intrr_ADC_INT1</name>
         <value>0x8c55</value>
         <object_component_ref idref="oc-a5"/>
      </symbol>
      <symbol id="sm-e0">
         <name>CurrentFiltered</name>
         <value>0xaa10</value>
         <object_component_ref idref="oc-117"/>
      </symbol>
      <symbol id="sm-e1">
         <name>P2</name>
         <value>0xaa1c</value>
         <object_component_ref idref="oc-117"/>
      </symbol>
      <symbol id="sm-e2">
         <name>P</name>
         <value>0xaa12</value>
         <object_component_ref idref="oc-117"/>
      </symbol>
      <symbol id="sm-e3">
         <name>I</name>
         <value>0xaa14</value>
         <object_component_ref idref="oc-117"/>
      </symbol>
      <symbol id="sm-e4">
         <name>I2</name>
         <value>0xaa1e</value>
         <object_component_ref idref="oc-117"/>
      </symbol>
      <symbol id="sm-e5">
         <name>PIOut</name>
         <value>0xaa16</value>
         <object_component_ref idref="oc-117"/>
      </symbol>
      <symbol id="sm-e6">
         <name>Counter1</name>
         <value>0xaa0c</value>
         <object_component_ref idref="oc-117"/>
      </symbol>
      <symbol id="sm-e7">
         <name>Counter2</name>
         <value>0xaa0d</value>
         <object_component_ref idref="oc-117"/>
      </symbol>
      <symbol id="sm-e8">
         <name>intrr_ePWM3</name>
         <value>0x8c0f</value>
         <object_component_ref idref="oc-a5"/>
      </symbol>
      <symbol id="sm-e9">
         <name>CounterReset</name>
         <value>0xaa0e</value>
         <object_component_ref idref="oc-117"/>
      </symbol>
      <symbol id="sm-106">
         <name>tBuffer1</name>
         <value>0x17000</value>
         <object_component_ref idref="oc-10b"/>
      </symbol>
      <symbol id="sm-107">
         <name>tBuffer2</name>
         <value>0x17fa0</value>
         <object_component_ref idref="oc-10e"/>
      </symbol>
      <symbol id="sm-108">
         <name>main</name>
         <value>0xb787</value>
         <object_component_ref idref="oc-ab"/>
      </symbol>
      <symbol id="sm-109">
         <name>Current1</name>
         <value>0x18f52</value>
         <object_component_ref idref="oc-e7"/>
      </symbol>
      <symbol id="sm-10a">
         <name>Voltage1</name>
         <value>0x18f40</value>
         <object_component_ref idref="oc-e7"/>
      </symbol>
      <symbol id="sm-128">
         <name>mcu_disableDog</name>
         <value>0x8441</value>
         <object_component_ref idref="oc-11f"/>
      </symbol>
      <symbol id="sm-129">
         <name>mcu_initADC</name>
         <value>0x8653</value>
         <object_component_ref idref="oc-11f"/>
      </symbol>
      <symbol id="sm-12a">
         <name>mcu_initPWM</name>
         <value>0x854e</value>
         <object_component_ref idref="oc-11f"/>
      </symbol>
      <symbol id="sm-12b">
         <name>mcu_trimADC</name>
         <value>0x844f</value>
         <object_component_ref idref="oc-11f"/>
      </symbol>
      <symbol id="sm-12c">
         <name>mcu_initQep</name>
         <value>0x8723</value>
         <object_component_ref idref="oc-11f"/>
      </symbol>
      <symbol id="sm-12d">
         <name>mcu_enableUnbondedIOPullups</name>
         <value>0x8467</value>
         <object_component_ref idref="oc-11f"/>
      </symbol>
      <symbol id="sm-12e">
         <name>mcu_initSPI</name>
         <value>0x86c4</value>
         <object_component_ref idref="oc-11f"/>
      </symbol>
      <symbol id="sm-12f">
         <name>mcu_initInterrupts</name>
         <value>0x8784</value>
         <object_component_ref idref="oc-11f"/>
      </symbol>
      <symbol id="sm-130">
         <name>mcu_initClocks</name>
         <value>0x8438</value>
         <object_component_ref idref="oc-11f"/>
      </symbol>
      <symbol id="sm-131">
         <name>mcu_initSysPll</name>
         <value>0x84b4</value>
         <object_component_ref idref="oc-11f"/>
      </symbol>
      <symbol id="sm-14a">
         <name>voltCtrl_dq2alphaBeta</name>
         <value>0x89db</value>
         <object_component_ref idref="oc-ea"/>
      </symbol>
      <symbol id="sm-14b">
         <name>voltCtrl_toPWM</name>
         <value>0x8812</value>
         <object_component_ref idref="oc-ea"/>
      </symbol>
      <symbol id="sm-14c">
         <name>voltCtrl_bridgeEnable</name>
         <value>0x8800</value>
         <object_component_ref idref="oc-ea"/>
      </symbol>
      <symbol id="sm-14d">
         <name>voltCtrl_calcPhaseValue</name>
         <value>0x8882</value>
         <object_component_ref idref="oc-ea"/>
      </symbol>
      <symbol id="sm-14e">
         <name>voltCtrl_bridgeDisable</name>
         <value>0x8809</value>
         <object_component_ref idref="oc-ea"/>
      </symbol>
      <symbol id="sm-14f">
         <name>voltCtrl_alphaBeta2abc</name>
         <value>0x895e</value>
         <object_component_ref idref="oc-ea"/>
      </symbol>
      <symbol id="sm-15e">
         <name>code_start</name>
         <value>0x0</value>
         <object_component_ref idref="oc-b1"/>
      </symbol>
      <symbol id="sm-1b9">
         <name>AdcbRegs</name>
         <value>0x7480</value>
         <object_component_ref idref="oc-1e4"/>
      </symbol>
      <symbol id="sm-1ba">
         <name>EPwm3Regs</name>
         <value>0x4200</value>
         <object_component_ref idref="oc-111"/>
      </symbol>
      <symbol id="sm-1bb">
         <name>ClkCfgRegs</name>
         <value>0x5d200</value>
         <object_component_ref idref="oc-1e1"/>
      </symbol>
      <symbol id="sm-1bc">
         <name>PieVectTable</name>
         <value>0xd00</value>
         <object_component_ref idref="oc-1ea"/>
      </symbol>
      <symbol id="sm-1bd">
         <name>GpioCtrlRegs</name>
         <value>0x7c00</value>
         <object_component_ref idref="oc-1de"/>
      </symbol>
      <symbol id="sm-1be">
         <name>CpuSysRegs</name>
         <value>0x5d300</value>
         <object_component_ref idref="oc-1d5"/>
      </symbol>
      <symbol id="sm-1bf">
         <name>EPwm6Regs</name>
         <value>0x4500</value>
         <object_component_ref idref="oc-18e"/>
      </symbol>
      <symbol id="sm-1c0">
         <name>DevCfgRegs</name>
         <value>0x5d000</value>
         <object_component_ref idref="oc-1db"/>
      </symbol>
      <symbol id="sm-1c1">
         <name>AdcaResultRegs</name>
         <value>0xb00</value>
         <object_component_ref idref="oc-1ab"/>
      </symbol>
      <symbol id="sm-1c2">
         <name>PieCtrlRegs</name>
         <value>0xce0</value>
         <object_component_ref idref="oc-114"/>
      </symbol>
      <symbol id="sm-1c3">
         <name>WdRegs</name>
         <value>0x7000</value>
         <object_component_ref idref="oc-1d2"/>
      </symbol>
      <symbol id="sm-1c4">
         <name>AdcbResultRegs</name>
         <value>0xb20</value>
         <object_component_ref idref="oc-1ae"/>
      </symbol>
      <symbol id="sm-1c5">
         <name>GpioDataRegs</name>
         <value>0x7f00</value>
         <object_component_ref idref="oc-18b"/>
      </symbol>
      <symbol id="sm-1c6">
         <name>EQep1Regs</name>
         <value>0x5100</value>
         <object_component_ref idref="oc-12a"/>
      </symbol>
      <symbol id="sm-1c7">
         <name>AnalogSubsysRegs</name>
         <value>0x5d180</value>
         <object_component_ref idref="oc-1d8"/>
      </symbol>
      <symbol id="sm-1c8">
         <name>SpibRegs</name>
         <value>0x6110</value>
         <object_component_ref idref="oc-1e7"/>
      </symbol>
      <symbol id="sm-1c9">
         <name>AdcaRegs</name>
         <value>0x7400</value>
         <object_component_ref idref="oc-11a"/>
      </symbol>
      <symbol id="sm-1d1">
         <name>_F28x_usDelay</name>
         <value>0x123</value>
         <object_component_ref idref="oc-125"/>
      </symbol>
      <symbol id="sm-1eb">
         <name>cosl</name>
         <value>0x9000</value>
         <object_component_ref idref="oc-1a3"/>
      </symbol>
      <symbol id="sm-1ec">
         <name>cos</name>
         <value>0x9000</value>
         <object_component_ref idref="oc-1a3"/>
      </symbol>
      <symbol id="sm-206">
         <name>sin</name>
         <value>0x90ce</value>
         <object_component_ref idref="oc-198"/>
      </symbol>
      <symbol id="sm-207">
         <name>sinl</name>
         <value>0x90ce</value>
         <object_component_ref idref="oc-198"/>
      </symbol>
      <symbol id="sm-211">
         <name>_c_int00</name>
         <value>0x953c</value>
         <object_component_ref idref="oc-a0"/>
      </symbol>
      <symbol id="sm-212">
         <name>__stack</name>
         <value>0x400</value>
         <object_component_ref idref="oc-b6"/>
      </symbol>
      <symbol id="sm-229">
         <name>__c28xabi_addd</name>
         <value>0x9247</value>
         <object_component_ref idref="oc-101"/>
      </symbol>
      <symbol id="sm-237">
         <name>__c28xabi_mpyd</name>
         <value>0x936b</value>
         <object_component_ref idref="oc-fc"/>
      </symbol>
      <symbol id="sm-240">
         <name>__c28xabi_negd</name>
         <value>0x958d</value>
         <object_component_ref idref="oc-1b7"/>
      </symbol>
      <symbol id="sm-248">
         <name>__c28xabi_subd</name>
         <value>0x956a</value>
         <object_component_ref idref="oc-19e"/>
      </symbol>
      <symbol id="sm-253">
         <name>__c28xabi_dtoi</name>
         <value>0x945e</value>
         <object_component_ref idref="oc-230"/>
      </symbol>
      <symbol id="sm-25e">
         <name>__c28xabi_dtou</name>
         <value>0x94f3</value>
         <object_component_ref idref="oc-193"/>
      </symbol>
      <symbol id="sm-26b">
         <name>__c28xabi_divf</name>
         <value>0x92e3</value>
         <object_component_ref idref="oc-182"/>
      </symbol>
      <symbol id="sm-279">
         <name>__c28xabi_utod</name>
         <value>0x9553</value>
         <object_component_ref idref="oc-1b1"/>
      </symbol>
      <symbol id="sm-285">
         <name>__c28xabi_ftod</name>
         <value>0x94bb</value>
         <object_component_ref idref="oc-f6"/>
      </symbol>
      <symbol id="sm-291">
         <name>__c28xabi_dtof</name>
         <value>0x8fdc</value>
         <object_component_ref idref="oc-106"/>
      </symbol>
      <symbol id="sm-29e">
         <name>_system_pre_init</name>
         <value>0x87fb</value>
         <object_component_ref idref="oc-cd"/>
      </symbol>
      <symbol id="sm-2ad">
         <name>__TI_auto_init_nobinit_nopinit</name>
         <value>0x87d0</value>
         <object_component_ref idref="oc-148"/>
      </symbol>
      <symbol id="sm-2ba">
         <name>__TI_zero_init</name>
         <value>0xb7fa</value>
         <object_component_ref idref="oc-c7"/>
      </symbol>
      <symbol id="sm-2c7">
         <name>__TI_decompress_none</name>
         <value>0x959e</value>
         <object_component_ref idref="oc-99"/>
      </symbol>
      <symbol id="sm-2db">
         <name>__TI_decompress_lzss</name>
         <value>0x879f</value>
         <object_component_ref idref="oc-93"/>
      </symbol>
      <symbol id="sm-316">
         <name>__rem_pio2</name>
         <value>0x8000</value>
         <object_component_ref idref="oc-23c"/>
      </symbol>
      <symbol id="sm-388">
         <name>__kernel_rem_pio2</name>
         <value>0xb000</value>
         <object_component_ref idref="oc-2a0"/>
      </symbol>
      <symbol id="sm-39e">
         <name>C$$EXIT</name>
         <value>0x93ee</value>
         <object_component_ref idref="oc-da"/>
      </symbol>
      <symbol id="sm-39f">
         <name>abort</name>
         <value>0x93ee</value>
         <object_component_ref idref="oc-da"/>
      </symbol>
      <symbol id="sm-3a0">
         <name>exit</name>
         <value>0x93f0</value>
         <object_component_ref idref="oc-da"/>
      </symbol>
      <symbol id="sm-3a1">
         <name>__TI_dtors_ptr</name>
         <value>0xaa26</value>
         <object_component_ref idref="oc-17a"/>
      </symbol>
      <symbol id="sm-3a2">
         <name>__TI_cleanup_ptr</name>
         <value>0xaa24</value>
         <object_component_ref idref="oc-17a"/>
      </symbol>
      <symbol id="sm-3a3">
         <name>__TI_enable_exit_profile_output</name>
         <value>0xaa22</value>
         <object_component_ref idref="oc-17a"/>
      </symbol>
      <symbol id="sm-3ba">
         <name>_nop</name>
         <value>0x958c</value>
         <object_component_ref idref="oc-21b"/>
      </symbol>
      <symbol id="sm-3bb">
         <name>_lock</name>
         <value>0xaa28</value>
         <object_component_ref idref="oc-17d"/>
      </symbol>
      <symbol id="sm-3bc">
         <name>_unlock</name>
         <value>0xaa2a</value>
         <object_component_ref idref="oc-27c"/>
      </symbol>
      <symbol id="sm-3bd">
         <name>_register_lock</name>
         <value>0x9588</value>
         <object_component_ref idref="oc-21b"/>
      </symbol>
      <symbol id="sm-3be">
         <name>_register_unlock</name>
         <value>0x9584</value>
         <object_component_ref idref="oc-21b"/>
      </symbol>
      <symbol id="sm-3cd">
         <name>_args_main</name>
         <value>0x9578</value>
         <object_component_ref idref="oc-d4"/>
      </symbol>
      <symbol id="sm-3dc">
         <name>memset</name>
         <value>0x95a6</value>
         <object_component_ref idref="oc-13f"/>
      </symbol>
      <symbol id="sm-3fe">
         <name>__kernel_cos</name>
         <value>0x8dbe</value>
         <object_component_ref idref="oc-242"/>
      </symbol>
      <symbol id="sm-421">
         <name>__kernel_sin</name>
         <value>0xb663</value>
         <object_component_ref idref="oc-236"/>
      </symbol>
      <symbol id="sm-444">
         <name>floorl</name>
         <value>0x8ec9</value>
         <object_component_ref idref="oc-2da"/>
      </symbol>
      <symbol id="sm-445">
         <name>floor</name>
         <value>0x8ec9</value>
         <object_component_ref idref="oc-2da"/>
      </symbol>
      <symbol id="sm-467">
         <name>scalbn</name>
         <value>0x9199</value>
         <object_component_ref idref="oc-2d4"/>
      </symbol>
      <symbol id="sm-468">
         <name>scalbnl</name>
         <value>0x9199</value>
         <object_component_ref idref="oc-2d4"/>
      </symbol>
      <symbol id="sm-469">
         <name>ldexpl</name>
         <value>0x9199</value>
         <object_component_ref idref="oc-2d4"/>
      </symbol>
      <symbol id="sm-46a">
         <name>ldexp</name>
         <value>0x9199</value>
         <object_component_ref idref="oc-2d4"/>
      </symbol>
      <symbol id="sm-476">
         <name>__c28xabi_cmpd</name>
         <value>0x8fb2</value>
         <object_component_ref idref="oc-29b"/>
      </symbol>
      <symbol id="sm-481">
         <name>__c28xabi_dtol</name>
         <value>0x947f</value>
         <object_component_ref idref="oc-28e"/>
      </symbol>
      <symbol id="sm-489">
         <name>__c28xabi_orll</name>
         <value>0x9515</value>
         <object_component_ref idref="oc-289"/>
      </symbol>
      <symbol id="sm-48a">
         <name>__c28xabi_xorll</name>
         <value>0x951d</value>
         <object_component_ref idref="oc-289"/>
      </symbol>
      <symbol id="sm-48b">
         <name>__c28xabi_andll</name>
         <value>0x950d</value>
         <object_component_ref idref="oc-289"/>
      </symbol>
      <symbol id="sm-495">
         <name>__c28xabi_modi</name>
         <value>0x944d</value>
         <object_component_ref idref="oc-2c9"/>
      </symbol>
      <symbol id="sm-496">
         <name>__c28xabi_divi</name>
         <value>0x943c</value>
         <object_component_ref idref="oc-2c9"/>
      </symbol>
      <symbol id="sm-4a2">
         <name>__c28xabi_ltod</name>
         <value>0x94d7</value>
         <object_component_ref idref="oc-293"/>
      </symbol>
      <symbol id="sm-4b5">
         <name>memcpy</name>
         <value>0x949e</value>
         <object_component_ref idref="oc-b9"/>
      </symbol>
      <symbol id="sm-4c2">
         <name>_system_post_cinit</name>
         <value>0x87fd</value>
         <object_component_ref idref="oc-201"/>
      </symbol>
      <symbol id="sm-4cd">
         <name>errno</name>
         <value>0xaa2e</value>
         <object_component_ref idref="oc-2fd"/>
      </symbol>
      <symbol id="sm-4db">
         <name>copysign</name>
         <value>0x9417</value>
         <object_component_ref idref="oc-2f7"/>
      </symbol>
      <symbol id="sm-4dc">
         <name>copysignl</name>
         <value>0x9417</value>
         <object_component_ref idref="oc-2f7"/>
      </symbol>
      <symbol id="sm-4de">
         <name>__c_args__</name>
         <value>0x0</value>
      </symbol>
   </symbol_table>
   <title>Link successful</title>
</link_info>
